// Jest Snapshot v1, https://goo.gl/fbAQLP

exports[`Test on <FirstComponent/> should be match with the snapshot 1`] = `
<div>
  <h1
    data-testid="test-title"
  >
    Hi, I am Bryan
  </h1>
  <p>
    No subtitle
  </p>
  <p>
    Bryan
  </p>
</div>
`;
